{"type":"server-started","port":59820,"host":"127.0.0.1","url_host":"localhost","url":"http://localhost:59820","screen_dir":"/Users/yangkefan/workspace/fun/periplus/.superpowers/brainstorm/52923-1782907808/content","state_dir":"/Users/yangkefan/workspace/fun/periplus/.superpowers/brainstorm/52923-1782907808/state"}
{"type":"screen-added","file":"/Users/yangkefan/workspace/fun/periplus/.superpowers/brainstorm/52923-1782907808/content/waiting.html"}
{"type":"screen-added","file":"/Users/yangkefan/workspace/fun/periplus/.superpowers/brainstorm/52923-1782907808/content/waiting-2.html"}
{"type":"screen-added","file":"/Users/yangkefan/workspace/fun/periplus/.superpowers/brainstorm/52923-1782907808/content/layout-options.html"}
{"source":"user-event","type":"click","text":"A\n    \n      方案 A：极简左侧面板\n      左侧面板仅保留聊天区域（对话历史 + 输入框），完全取消工具栏切换。地图标记点击展开信息浮窗，所有地点/路线信息通过地图交互获取。\n      \n        Pros最简洁，零认知负担AI 对话成为唯一交互中心\n        Cons照片上传、收藏列表需要另寻入口路线统计信息（总里程、停留时间）无处可放","choice":"a","id":null,"timestamp":1782908257118}
{"type":"screen-added","file":"/Users/yangkefan/workspace/fun/periplus/.superpowers/brainstorm/52923-1782907808/content/layout-a-supplement.html"}
{"source":"user-event","type":"click","text":"A2\n    \n      地图角落极简控件\n      地图右上角放置 2-3 个小型图标按钮（照片、收藏、设置），平时半透明，hover 时高亮。点击后弹出临时面板，不使用时自动淡出。\n      \n        Pros功能 discoverable不影响主视觉\n        Cons打破了\"纯 AI\"的极致简洁需要设计好淡出/淡入时机","choice":"a2","id":null,"timestamp":1782908355140}
{"type":"screen-added","file":"/Users/yangkefan/workspace/fun/periplus/.superpowers/brainstorm/52923-1782907808/content/design-detail-1.html"}
{"type":"screen-added","file":"/Users/yangkefan/workspace/fun/periplus/.superpowers/brainstorm/52923-1782907808/content/design-detail-1-v2.html"}
{"type":"screen-added","file":"/Users/yangkefan/workspace/fun/periplus/.superpowers/brainstorm/52923-1782907808/content/design-detail-1-v3.html"}
{"type":"screen-added","file":"/Users/yangkefan/workspace/fun/periplus/.superpowers/brainstorm/52923-1782907808/content/design-detail-2.html"}
{"type":"screen-added","file":"/Users/yangkefan/workspace/fun/periplus/.superpowers/brainstorm/52923-1782907808/content/design-detail-2-v2.html"}
{"type":"screen-added","file":"/Users/yangkefan/workspace/fun/periplus/.superpowers/brainstorm/52923-1782907808/content/design-detail-3.html"}
{"type":"screen-added","file":"/Users/yangkefan/workspace/fun/periplus/.superpowers/brainstorm/52923-1782907808/content/design-detail-3-v2.html"}
{"type":"screen-added","file":"/Users/yangkefan/workspace/fun/periplus/.superpowers/brainstorm/52923-1782907808/content/design-detail-3-v3.html"}
{"type":"screen-added","file":"/Users/yangkefan/workspace/fun/periplus/.superpowers/brainstorm/52923-1782907808/content/design-detail-3-v4.html"}
{"type":"screen-added","file":"/Users/yangkefan/workspace/fun/periplus/.superpowers/brainstorm/52923-1782907808/content/design-detail-3-v5.html"}
{"type":"screen-added","file":"/Users/yangkefan/workspace/fun/periplus/.superpowers/brainstorm/52923-1782907808/content/design-detail-3-v6.html"}
{"type":"screen-added","file":"/Users/yangkefan/workspace/fun/periplus/.superpowers/brainstorm/52923-1782907808/content/design-detail-3-v7.html"}
{"type":"screen-added","file":"/Users/yangkefan/workspace/fun/periplus/.superpowers/brainstorm/52923-1782907808/content/design-detail-3-final.html"}
{"type":"screen-added","file":"/Users/yangkefan/workspace/fun/periplus/.superpowers/brainstorm/52923-1782907808/content/design-detail-4.html"}
{"type":"server-stopped","reason":"idle timeout"}
